TypeError: runtime.connectRedis is not a function
    at start (C:\Users\Opeyemi Olorunfemi\apps\deskos\apps\relay\src\index.ts:448:17)
    at <anonymous> (C:\Users\Opeyemi Olorunfemi\apps\deskos\apps\relay\src\index.ts:460:3)
    at ModuleJob.run (node:internal/modules/esm/module_job:271:25)
    at async onImport.tracePromise.__proto__ (node:internal/modules/esm/loader:547:26)
    at async asyncRunEntryPointWithESMLoader (node:internal/modules/run_main:116:5)

node:internal/modules/run_main:122
    triggerUncaughtException(
    ^
Error: Cannot find package 'C:\Users\Opeyemi Olorunfemi\apps\deskos\node_modules\fastify\index.js' imported from C:\Users\Opeyemi Olorunfemi\apps\deskos\apps\relay\src\index.ts
    at legacyMainResolve (node:internal/modules/esm/resolve:204:26)
    at packageResolve (node:internal/modules/esm/resolve:846:14)
    at moduleResolve (node:internal/modules/esm/resolve:926:18)
    at defaultResolve (node:internal/modules/esm/resolve:1056:11)
    at nextResolve (node:internal/modules/esm/hooks:748:28)
    at resolveBase (file:///C:/Users/Opeyemi%20Olorunfemi/apps/deskos/node_modules/tsx/dist/register-loq3nxmB.mjs:2:10334)
    at resolveDirectory (file:///C:/Users/Opeyemi%20Olorunfemi/apps/deskos/node_modules/tsx/dist/register-loq3nxmB.mjs:2:11421)
    at resolveTsPaths (file:///C:/Users/Opeyemi%20Olorunfemi/apps/deskos/node_modules/tsx/dist/register-loq3nxmB.mjs:2:13062)
    at resolve (file:///C:/Users/Opeyemi%20Olorunfemi/apps/deskos/node_modules/tsx/dist/register-loq3nxmB.mjs:2:14748)
    at nextResolve (node:internal/modules/esm/hooks:748:28) {
  code: 'ERR_MODULE_NOT_FOUND'
}

Node.js v22.13.1
